Archive member included to satisfy reference by file (symbol)

c:/program files (x86)/atmel/studio/7.0/toolchain/avr8/avr8-gnu-toolchain/bin/../lib/gcc/avr/5.4.0/avr5\libgcc.a(_exit.o)
                              C:/Program Files (x86)/Atmel/Studio/7.0/Packs/atmel/ATmega_DFP/1.2.150/gcc/dev/atmega32a/avr5/crtatmega32a.o (exit)
c:/program files (x86)/atmel/studio/7.0/toolchain/avr8/avr8-gnu-toolchain/bin/../lib/gcc/avr/5.4.0/avr5\libgcc.a(_tablejump2.o)
                              MCAL/Source/GPIO_MCAL.o (__tablejump2__)
c:/program files (x86)/atmel/studio/7.0/toolchain/avr8/avr8-gnu-toolchain/bin/../lib/gcc/avr/5.4.0/avr5\libgcc.a(_clear_bss.o)
                              Application/LED_Interrupt.o (__do_clear_bss)

Discarded input sections

 .data          0x00000000        0x0 C:/Program Files (x86)/Atmel/Studio/7.0/Packs/atmel/ATmega_DFP/1.2.150/gcc/dev/atmega32a/avr5/crtatmega32a.o
 .bss           0x00000000        0x0 C:/Program Files (x86)/Atmel/Studio/7.0/Packs/atmel/ATmega_DFP/1.2.150/gcc/dev/atmega32a/avr5/crtatmega32a.o
 .text          0x00000000        0x0 Application/Application.o
 .data          0x00000000        0x0 Application/Application.o
 .bss           0x00000000        0x0 Application/Application.o
 .text          0x00000000        0x0 Application/LED_Interrupt.o
 .data          0x00000000        0x0 Application/LED_Interrupt.o
 .bss           0x00000000        0x0 Application/LED_Interrupt.o
 .text          0x00000000        0x0 HAL/Source/LED_driver_ECU.o
 .data          0x00000000        0x0 HAL/Source/LED_driver_ECU.o
 .bss           0x00000000        0x0 HAL/Source/LED_driver_ECU.o
 .text.LED_vToggle
                0x00000000        0x6 HAL/Source/LED_driver_ECU.o
 .text          0x00000000        0x0 MCAL/Source/GPIO_MCAL.o
 .data          0x00000000        0x0 MCAL/Source/GPIO_MCAL.o
 .bss           0x00000000        0x0 MCAL/Source/GPIO_MCAL.o
 .text.GPIO_voidInit
                0x00000000        0xa MCAL/Source/GPIO_MCAL.o
 .text.GPIO_u8read_PIN
                0x00000000       0xac MCAL/Source/GPIO_MCAL.o
 .progmem.gcc_sw_table.GPIO_u8read_PIN
                0x00000000       0x48 MCAL/Source/GPIO_MCAL.o
 .text.GPIO_vtoggle_PIN
                0x00000000       0x6e MCAL/Source/GPIO_MCAL.o
 .progmem.gcc_sw_table.GPIO_vtoggle_PIN
                0x00000000       0x48 MCAL/Source/GPIO_MCAL.o
 .text.GPIO_vset_PORT_DIR
                0x00000000       0x26 MCAL/Source/GPIO_MCAL.o
 .progmem.gcc_sw_table.GPIO_vset_PORT_DIR
                0x00000000       0x48 MCAL/Source/GPIO_MCAL.o
 .text.GPIO_vwrite_PORT
                0x00000000       0x26 MCAL/Source/GPIO_MCAL.o
 .progmem.gcc_sw_table.GPIO_vwrite_PORT
                0x00000000       0x48 MCAL/Source/GPIO_MCAL.o
 .text.GPIO_vtoggle_PORT
                0x00000000       0x36 MCAL/Source/GPIO_MCAL.o
 .progmem.gcc_sw_table.GPIO_vtoggle_PORT
                0x00000000       0x48 MCAL/Source/GPIO_MCAL.o
 .text.GPIO_read_PORT
                0x00000000       0x42 MCAL/Source/GPIO_MCAL.o
 .progmem.gcc_sw_table.GPIO_read_PORT
                0x00000000       0x48 MCAL/Source/GPIO_MCAL.o
 .text.GPIO_vconnectpullup
                0x00000000       0xf8 MCAL/Source/GPIO_MCAL.o
 .progmem.gcc_sw_table.GPIO_vconnectpullup
                0x00000000       0x48 MCAL/Source/GPIO_MCAL.o
 .text          0x00000000        0x0 MCAL/Source/Timer.o
 .data          0x00000000        0x0 MCAL/Source/Timer.o
 .bss           0x00000000        0x0 MCAL/Source/Timer.o
 .text.TMR_s8CheckFlag
                0x00000000       0x26 MCAL/Source/Timer.o
 .text.TMR_voidClearFlag
                0x00000000       0x14 MCAL/Source/Timer.o
 .text.TMR_voidDisableGIE
                0x00000000        0x8 MCAL/Source/Timer.o
 .text          0x00000000        0x0 c:/program files (x86)/atmel/studio/7.0/toolchain/avr8/avr8-gnu-toolchain/bin/../lib/gcc/avr/5.4.0/avr5\libgcc.a(_exit.o)
 .data          0x00000000        0x0 c:/program files (x86)/atmel/studio/7.0/toolchain/avr8/avr8-gnu-toolchain/bin/../lib/gcc/avr/5.4.0/avr5\libgcc.a(_exit.o)
 .bss           0x00000000        0x0 c:/program files (x86)/atmel/studio/7.0/toolchain/avr8/avr8-gnu-toolchain/bin/../lib/gcc/avr/5.4.0/avr5\libgcc.a(_exit.o)
 .text.libgcc.mul
                0x00000000        0x0 c:/program files (x86)/atmel/studio/7.0/toolchain/avr8/avr8-gnu-toolchain/bin/../lib/gcc/avr/5.4.0/avr5\libgcc.a(_exit.o)
 .text.libgcc.div
                0x00000000        0x0 c:/program files (x86)/atmel/studio/7.0/toolchain/avr8/avr8-gnu-toolchain/bin/../lib/gcc/avr/5.4.0/avr5\libgcc.a(_exit.o)
 .text.libgcc   0x00000000        0x0 c:/program files (x86)/atmel/studio/7.0/toolchain/avr8/avr8-gnu-toolchain/bin/../lib/gcc/avr/5.4.0/avr5\libgcc.a(_exit.o)
 .text.libgcc.prologue
                0x00000000        0x0 c:/program files (x86)/atmel/studio/7.0/toolchain/avr8/avr8-gnu-toolchain/bin/../lib/gcc/avr/5.4.0/avr5\libgcc.a(_exit.o)
 .text.libgcc.builtins
                0x00000000        0x0 c:/program files (x86)/atmel/studio/7.0/toolchain/avr8/avr8-gnu-toolchain/bin/../lib/gcc/avr/5.4.0/avr5\libgcc.a(_exit.o)
 .text.libgcc.fmul
                0x00000000        0x0 c:/program files (x86)/atmel/studio/7.0/toolchain/avr8/avr8-gnu-toolchain/bin/../lib/gcc/avr/5.4.0/avr5\libgcc.a(_exit.o)
 .text.libgcc.fixed
                0x00000000        0x0 c:/program files (x86)/atmel/studio/7.0/toolchain/avr8/avr8-gnu-toolchain/bin/../lib/gcc/avr/5.4.0/avr5\libgcc.a(_exit.o)
 .text          0x00000000        0x0 c:/program files (x86)/atmel/studio/7.0/toolchain/avr8/avr8-gnu-toolchain/bin/../lib/gcc/avr/5.4.0/avr5\libgcc.a(_tablejump2.o)
 .data          0x00000000        0x0 c:/program files (x86)/atmel/studio/7.0/toolchain/avr8/avr8-gnu-toolchain/bin/../lib/gcc/avr/5.4.0/avr5\libgcc.a(_tablejump2.o)
 .bss           0x00000000        0x0 c:/program files (x86)/atmel/studio/7.0/toolchain/avr8/avr8-gnu-toolchain/bin/../lib/gcc/avr/5.4.0/avr5\libgcc.a(_tablejump2.o)
 .text.libgcc.mul
                0x00000000        0x0 c:/program files (x86)/atmel/studio/7.0/toolchain/avr8/avr8-gnu-toolchain/bin/../lib/gcc/avr/5.4.0/avr5\libgcc.a(_tablejump2.o)
 .text.libgcc.div
                0x00000000        0x0 c:/program files (x86)/atmel/studio/7.0/toolchain/avr8/avr8-gnu-toolchain/bin/../lib/gcc/avr/5.4.0/avr5\libgcc.a(_tablejump2.o)
 .text.libgcc.prologue
                0x00000000        0x0 c:/program files (x86)/atmel/studio/7.0/toolchain/avr8/avr8-gnu-toolchain/bin/../lib/gcc/avr/5.4.0/avr5\libgcc.a(_tablejump2.o)
 .text.libgcc.builtins
                0x00000000        0x0 c:/program files (x86)/atmel/studio/7.0/toolchain/avr8/avr8-gnu-toolchain/bin/../lib/gcc/avr/5.4.0/avr5\libgcc.a(_tablejump2.o)
 .text.libgcc.fmul
                0x00000000        0x0 c:/program files (x86)/atmel/studio/7.0/toolchain/avr8/avr8-gnu-toolchain/bin/../lib/gcc/avr/5.4.0/avr5\libgcc.a(_tablejump2.o)
 .text.libgcc.fixed
                0x00000000        0x0 c:/program files (x86)/atmel/studio/7.0/toolchain/avr8/avr8-gnu-toolchain/bin/../lib/gcc/avr/5.4.0/avr5\libgcc.a(_tablejump2.o)
 .text          0x00000000        0x0 c:/program files (x86)/atmel/studio/7.0/toolchain/avr8/avr8-gnu-toolchain/bin/../lib/gcc/avr/5.4.0/avr5\libgcc.a(_clear_bss.o)
 .data          0x00000000        0x0 c:/program files (x86)/atmel/studio/7.0/toolchain/avr8/avr8-gnu-toolchain/bin/../lib/gcc/avr/5.4.0/avr5\libgcc.a(_clear_bss.o)
 .bss           0x00000000        0x0 c:/program files (x86)/atmel/studio/7.0/toolchain/avr8/avr8-gnu-toolchain/bin/../lib/gcc/avr/5.4.0/avr5\libgcc.a(_clear_bss.o)
 .text.libgcc.mul
                0x00000000        0x0 c:/program files (x86)/atmel/studio/7.0/toolchain/avr8/avr8-gnu-toolchain/bin/../lib/gcc/avr/5.4.0/avr5\libgcc.a(_clear_bss.o)
 .text.libgcc.div
                0x00000000        0x0 c:/program files (x86)/atmel/studio/7.0/toolchain/avr8/avr8-gnu-toolchain/bin/../lib/gcc/avr/5.4.0/avr5\libgcc.a(_clear_bss.o)
 .text.libgcc   0x00000000        0x0 c:/program files (x86)/atmel/studio/7.0/toolchain/avr8/avr8-gnu-toolchain/bin/../lib/gcc/avr/5.4.0/avr5\libgcc.a(_clear_bss.o)
 .text.libgcc.prologue
                0x00000000        0x0 c:/program files (x86)/atmel/studio/7.0/toolchain/avr8/avr8-gnu-toolchain/bin/../lib/gcc/avr/5.4.0/avr5\libgcc.a(_clear_bss.o)
 .text.libgcc.builtins
                0x00000000        0x0 c:/program files (x86)/atmel/studio/7.0/toolchain/avr8/avr8-gnu-toolchain/bin/../lib/gcc/avr/5.4.0/avr5\libgcc.a(_clear_bss.o)
 .text.libgcc.fmul
                0x00000000        0x0 c:/program files (x86)/atmel/studio/7.0/toolchain/avr8/avr8-gnu-toolchain/bin/../lib/gcc/avr/5.4.0/avr5\libgcc.a(_clear_bss.o)
 .text.libgcc.fixed
                0x00000000        0x0 c:/program files (x86)/atmel/studio/7.0/toolchain/avr8/avr8-gnu-toolchain/bin/../lib/gcc/avr/5.4.0/avr5\libgcc.a(_clear_bss.o)

Memory Configuration

Name             Origin             Length             Attributes
text             0x00000000         0x00020000         xr
data             0x00800060         0x0000ffa0         rw !x
eeprom           0x00810000         0x00010000         rw !x
fuse             0x00820000         0x00000002         rw !x
lock             0x00830000         0x00000400         rw !x
signature        0x00840000         0x00000400         rw !x
user_signatures  0x00850000         0x00000400         rw !x
*default*        0x00000000         0xffffffff

Linker script and memory map

LOAD C:/Program Files (x86)/Atmel/Studio/7.0/Packs/atmel/ATmega_DFP/1.2.150/gcc/dev/atmega32a/avr5/crtatmega32a.o
LOAD Application/Application.o
LOAD Application/LED_Interrupt.o
LOAD HAL/Source/LED_driver_ECU.o
LOAD MCAL/Source/GPIO_MCAL.o
LOAD MCAL/Source/Timer.o
START GROUP
LOAD c:/program files (x86)/atmel/studio/7.0/toolchain/avr8/avr8-gnu-toolchain/bin/../lib/gcc/avr/5.4.0/../../../../avr/lib/avr5\libm.a
END GROUP
START GROUP
LOAD c:/program files (x86)/atmel/studio/7.0/toolchain/avr8/avr8-gnu-toolchain/bin/../lib/gcc/avr/5.4.0/avr5\libgcc.a
LOAD c:/program files (x86)/atmel/studio/7.0/toolchain/avr8/avr8-gnu-toolchain/bin/../lib/gcc/avr/5.4.0/../../../../avr/lib/avr5\libm.a
LOAD c:/program files (x86)/atmel/studio/7.0/toolchain/avr8/avr8-gnu-toolchain/bin/../lib/gcc/avr/5.4.0/../../../../avr/lib/avr5\libc.a
LOAD C:/Program Files (x86)/Atmel/Studio/7.0/Packs/atmel/ATmega_DFP/1.2.150/gcc/dev/atmega32a/avr5\libatmega32a.a
END GROUP
                0x00020000                __TEXT_REGION_LENGTH__ = DEFINED (__TEXT_REGION_LENGTH__)?__TEXT_REGION_LENGTH__:0x20000
                0x0000ffa0                __DATA_REGION_LENGTH__ = DEFINED (__DATA_REGION_LENGTH__)?__DATA_REGION_LENGTH__:0xffa0
                0x00010000                __EEPROM_REGION_LENGTH__ = DEFINED (__EEPROM_REGION_LENGTH__)?__EEPROM_REGION_LENGTH__:0x10000
                [0x00000002]                __FUSE_REGION_LENGTH__ = DEFINED (__FUSE_REGION_LENGTH__)?__FUSE_REGION_LENGTH__:0x400
                0x00000400                __LOCK_REGION_LENGTH__ = DEFINED (__LOCK_REGION_LENGTH__)?__LOCK_REGION_LENGTH__:0x400
                0x00000400                __SIGNATURE_REGION_LENGTH__ = DEFINED (__SIGNATURE_REGION_LENGTH__)?__SIGNATURE_REGION_LENGTH__:0x400
                0x00000400                __USER_SIGNATURE_REGION_LENGTH__ = DEFINED (__USER_SIGNATURE_REGION_LENGTH__)?__USER_SIGNATURE_REGION_LENGTH__:0x400

.hash
 *(.hash)

.dynsym
 *(.dynsym)

.dynstr
 *(.dynstr)

.gnu.version
 *(.gnu.version)

.gnu.version_d
 *(.gnu.version_d)

.gnu.version_r
 *(.gnu.version_r)

.rel.init
 *(.rel.init)

.rela.init
 *(.rela.init)

.rel.text
 *(.rel.text)
 *(.rel.text.*)
 *(.rel.gnu.linkonce.t*)

.rela.text
 *(.rela.text)
 *(.rela.text.*)
 *(.rela.gnu.linkonce.t*)

.rel.fini
 *(.rel.fini)

.rela.fini
 *(.rela.fini)

.rel.rodata
 *(.rel.rodata)
 *(.rel.rodata.*)
 *(.rel.gnu.linkonce.r*)

.rela.rodata
 *(.rela.rodata)
 *(.rela.rodata.*)
 *(.rela.gnu.linkonce.r*)

.rel.data
 *(.rel.data)
 *(.rel.data.*)
 *(.rel.gnu.linkonce.d*)

.rela.data
 *(.rela.data)
 *(.rela.data.*)
 *(.rela.gnu.linkonce.d*)

.rel.ctors
 *(.rel.ctors)

.rela.ctors
 *(.rela.ctors)

.rel.dtors
 *(.rel.dtors)

.rela.dtors
 *(.rela.dtors)

.rel.got
 *(.rel.got)

.rela.got
 *(.rela.got)

.rel.bss
 *(.rel.bss)

.rela.bss
 *(.rela.bss)

.rel.plt
 *(.rel.plt)

.rela.plt
 *(.rela.plt)

.text           0x00000000      0x508
 *(.vectors)
 .vectors       0x00000000       0x54 C:/Program Files (x86)/Atmel/Studio/7.0/Packs/atmel/ATmega_DFP/1.2.150/gcc/dev/atmega32a/avr5/crtatmega32a.o
                0x00000000                __vector_default
                0x00000000                __vectors
 *(.vectors)
 *(.progmem.gcc*)
 .progmem.gcc_sw_table.GPIO_vsetPIN_DIR
                0x00000054       0x48 MCAL/Source/GPIO_MCAL.o
 .progmem.gcc_sw_table.GPIO_vwrite_PIN
                0x0000009c       0x48 MCAL/Source/GPIO_MCAL.o
                0x000000e4                . = ALIGN (0x2)
                0x000000e4                __trampolines_start = .
 *(.trampolines)
 .trampolines   0x000000e4        0x0 linker stubs
 *(.trampolines*)
                0x000000e4                __trampolines_end = .
 *libprintf_flt.a:*(.progmem.data)
 *libc.a:*(.progmem.data)
 *(.progmem*)
                0x000000e4                . = ALIGN (0x2)
 *(.jumptables)
 *(.jumptables*)
 *(.lowtext)
 *(.lowtext*)
                0x000000e4                __ctors_start = .
 *(.ctors)
                0x000000e4                __ctors_end = .
                0x000000e4                __dtors_start = .
 *(.dtors)
                0x000000e4                __dtors_end = .
 SORT(*)(.ctors)
 SORT(*)(.dtors)
 *(.init0)
 .init0         0x000000e4        0x0 C:/Program Files (x86)/Atmel/Studio/7.0/Packs/atmel/ATmega_DFP/1.2.150/gcc/dev/atmega32a/avr5/crtatmega32a.o
                0x000000e4                __init
 *(.init0)
 *(.init1)
 *(.init1)
 *(.init2)
 .init2         0x000000e4        0xc C:/Program Files (x86)/Atmel/Studio/7.0/Packs/atmel/ATmega_DFP/1.2.150/gcc/dev/atmega32a/avr5/crtatmega32a.o
 *(.init2)
 *(.init3)
 *(.init3)
 *(.init4)
 .init4         0x000000f0       0x10 c:/program files (x86)/atmel/studio/7.0/toolchain/avr8/avr8-gnu-toolchain/bin/../lib/gcc/avr/5.4.0/avr5\libgcc.a(_clear_bss.o)
                0x000000f0                __do_clear_bss
 *(.init4)
 *(.init5)
 *(.init5)
 *(.init6)
 *(.init6)
 *(.init7)
 *(.init7)
 *(.init8)
 *(.init8)
 *(.init9)
 .init9         0x00000100        0x8 C:/Program Files (x86)/Atmel/Studio/7.0/Packs/atmel/ATmega_DFP/1.2.150/gcc/dev/atmega32a/avr5/crtatmega32a.o
 *(.init9)
 *(.text)
 .text          0x00000108        0x4 C:/Program Files (x86)/Atmel/Studio/7.0/Packs/atmel/ATmega_DFP/1.2.150/gcc/dev/atmega32a/avr5/crtatmega32a.o
                0x00000108                __vector_1
                0x00000108                __vector_12
                0x00000108                __bad_interrupt
                0x00000108                __vector_6
                0x00000108                __vector_3
                0x00000108                __vector_13
                0x00000108                __vector_17
                0x00000108                __vector_19
                0x00000108                __vector_5
                0x00000108                __vector_4
                0x00000108                __vector_2
                0x00000108                __vector_15
                0x00000108                __vector_14
                0x00000108                __vector_16
                0x00000108                __vector_18
                0x00000108                __vector_20
                0x0000010c                . = ALIGN (0x2)
 *(.text.*)
 .text.main     0x0000010c       0x2a Application/Application.o
                0x0000010c                main
 .text.LED_voidInterrupt
                0x00000136       0x3a Application/LED_Interrupt.o
                0x00000136                LED_voidInterrupt
 .text.LED_vinitialize
                0x00000170        0x8 HAL/Source/LED_driver_ECU.o
                0x00000170                LED_vinitialize
 .text.LED_vTurnon
                0x00000178        0x8 HAL/Source/LED_driver_ECU.o
                0x00000178                LED_vTurnon
 .text.LED_vTurnoff
                0x00000180        0x8 HAL/Source/LED_driver_ECU.o
                0x00000180                LED_vTurnoff
 .text.GPIO_vsetPIN_DIR
                0x00000188       0xe0 MCAL/Source/GPIO_MCAL.o
                0x00000188                GPIO_vsetPIN_DIR
 .text.GPIO_vwrite_PIN
                0x00000268       0xe0 MCAL/Source/GPIO_MCAL.o
                0x00000268                GPIO_vwrite_PIN
 .text.TMR_voidInit
                0x00000348       0x44 MCAL/Source/Timer.o
                0x00000348                TMR_voidInit
 .text.TMR_s8SetTCNT
                0x0000038c        0x6 MCAL/Source/Timer.o
                0x0000038c                TMR_s8SetTCNT
 .text.TMR_voidEnableGIE
                0x00000392        0x8 MCAL/Source/Timer.o
                0x00000392                TMR_voidEnableGIE
 .text.TMR_voidSetCallBack
                0x0000039a        0xa MCAL/Source/Timer.o
                0x0000039a                TMR_voidSetCallBack
 .text.__vector_7
                0x000003a4       0x52 MCAL/Source/Timer.o
                0x000003a4                __vector_7
 .text.__vector_8
                0x000003f6       0x52 MCAL/Source/Timer.o
                0x000003f6                __vector_8
 .text.__vector_9
                0x00000448       0x4e MCAL/Source/Timer.o
                0x00000448                __vector_9
 .text.__vector_10
                0x00000496       0x52 MCAL/Source/Timer.o
                0x00000496                __vector_10
 .text.__vector_11
                0x000004e8       0x10 MCAL/Source/Timer.o
                0x000004e8                __vector_11
 .text.libgcc   0x000004f8        0xc c:/program files (x86)/atmel/studio/7.0/toolchain/avr8/avr8-gnu-toolchain/bin/../lib/gcc/avr/5.4.0/avr5\libgcc.a(_tablejump2.o)
                0x000004f8                __tablejump2__
                0x00000504                . = ALIGN (0x2)
 *(.fini9)
 .fini9         0x00000504        0x0 c:/program files (x86)/atmel/studio/7.0/toolchain/avr8/avr8-gnu-toolchain/bin/../lib/gcc/avr/5.4.0/avr5\libgcc.a(_exit.o)
                0x00000504                _exit
                0x00000504                exit
 *(.fini9)
 *(.fini8)
 *(.fini8)
 *(.fini7)
 *(.fini7)
 *(.fini6)
 *(.fini6)
 *(.fini5)
 *(.fini5)
 *(.fini4)
 *(.fini4)
 *(.fini3)
 *(.fini3)
 *(.fini2)
 *(.fini2)
 *(.fini1)
 *(.fini1)
 *(.fini0)
 .fini0         0x00000504        0x4 c:/program files (x86)/atmel/studio/7.0/toolchain/avr8/avr8-gnu-toolchain/bin/../lib/gcc/avr/5.4.0/avr5\libgcc.a(_exit.o)
 *(.fini0)
                0x00000508                _etext = .

.data           0x00800060        0x0 load address 0x00000508
                [!provide]                PROVIDE (__data_start, .)
 *(.data)
 *(.data*)
 *(.gnu.linkonce.d*)
 *(.rodata)
 *(.rodata*)
 *(.gnu.linkonce.r*)
                0x00800060                . = ALIGN (0x2)
                0x00800060                _edata = .
                [!provide]                PROVIDE (__data_end, .)

.bss            0x00800060        0x3
                0x00800060                PROVIDE (__bss_start, .)
 *(.bss)
 *(.bss*)
 .bss.LED_u8State
                0x00800060        0x1 Application/LED_Interrupt.o
                0x00800060                LED_u8State
 .bss.ptr       0x00800061        0x2 MCAL/Source/Timer.o
 *(COMMON)
                0x00800063                PROVIDE (__bss_end, .)
                0x00000508                __data_load_start = LOADADDR (.data)
                0x00000508                __data_load_end = (__data_load_start + SIZEOF (.data))

.noinit         0x00800063        0x0
                [!provide]                PROVIDE (__noinit_start, .)
 *(.noinit*)
                [!provide]                PROVIDE (__noinit_end, .)
                0x00800063                _end = .
                [!provide]                PROVIDE (__heap_start, .)

.eeprom         0x00810000        0x0
 *(.eeprom*)
                0x00810000                __eeprom_end = .

.fuse
 *(.fuse)
 *(.lfuse)
 *(.hfuse)
 *(.efuse)

.lock
 *(.lock*)

.signature
 *(.signature*)

.user_signatures
 *(.user_signatures*)

.stab
 *(.stab)

.stabstr
 *(.stabstr)

.stab.excl
 *(.stab.excl)

.stab.exclstr
 *(.stab.exclstr)

.stab.index
 *(.stab.index)

.stab.indexstr
 *(.stab.indexstr)

.comment        0x00000000       0x30
 *(.comment)
 .comment       0x00000000       0x30 Application/Application.o
                                 0x31 (size before relaxing)
 .comment       0x00000030       0x31 Application/LED_Interrupt.o
 .comment       0x00000030       0x31 HAL/Source/LED_driver_ECU.o
 .comment       0x00000030       0x31 MCAL/Source/GPIO_MCAL.o
 .comment       0x00000030       0x31 MCAL/Source/Timer.o

.note.gnu.avr.deviceinfo
                0x00000000       0x3c
 .note.gnu.avr.deviceinfo
                0x00000000       0x3c C:/Program Files (x86)/Atmel/Studio/7.0/Packs/atmel/ATmega_DFP/1.2.150/gcc/dev/atmega32a/avr5/crtatmega32a.o

.note.gnu.build-id
 *(.note.gnu.build-id)

.debug
 *(.debug)

.line
 *(.line)

.debug_srcinfo
 *(.debug_srcinfo)

.debug_sfnames
 *(.debug_sfnames)

.debug_aranges  0x00000000      0x158
 *(.debug_aranges)
 .debug_aranges
                0x00000000       0x20 Application/Application.o
 .debug_aranges
                0x00000020       0x20 Application/LED_Interrupt.o
 .debug_aranges
                0x00000040       0x38 HAL/Source/LED_driver_ECU.o
 .debug_aranges
                0x00000078       0x68 MCAL/Source/GPIO_MCAL.o
 .debug_aranges
                0x000000e0       0x78 MCAL/Source/Timer.o

.debug_pubnames
 *(.debug_pubnames)

.debug_info     0x00000000      0xe0b
 *(.debug_info .gnu.linkonce.wi.*)
 .debug_info    0x00000000      0x4e6 C:/Program Files (x86)/Atmel/Studio/7.0/Packs/atmel/ATmega_DFP/1.2.150/gcc/dev/atmega32a/avr5/crtatmega32a.o
 .debug_info    0x000004e6      0x14c Application/Application.o
 .debug_info    0x00000632      0x130 Application/LED_Interrupt.o
 .debug_info    0x00000762      0x1f4 HAL/Source/LED_driver_ECU.o
 .debug_info    0x00000956      0x2b2 MCAL/Source/GPIO_MCAL.o
 .debug_info    0x00000c08      0x203 MCAL/Source/Timer.o

.debug_abbrev   0x00000000      0x85a
 *(.debug_abbrev)
 .debug_abbrev  0x00000000      0x4a3 C:/Program Files (x86)/Atmel/Studio/7.0/Packs/atmel/ATmega_DFP/1.2.150/gcc/dev/atmega32a/avr5/crtatmega32a.o
 .debug_abbrev  0x000004a3       0x81 Application/Application.o
 .debug_abbrev  0x00000524       0x8f Application/LED_Interrupt.o
 .debug_abbrev  0x000005b3       0x8f HAL/Source/LED_driver_ECU.o
 .debug_abbrev  0x00000642      0x120 MCAL/Source/GPIO_MCAL.o
 .debug_abbrev  0x00000762       0xf8 MCAL/Source/Timer.o

.debug_line     0x00000000      0x941
 *(.debug_line .debug_line.* .debug_line_end)
 .debug_line    0x00000000      0x115 C:/Program Files (x86)/Atmel/Studio/7.0/Packs/atmel/ATmega_DFP/1.2.150/gcc/dev/atmega32a/avr5/crtatmega32a.o
 .debug_line    0x00000115       0xc8 Application/Application.o
 .debug_line    0x000001dd      0x114 Application/LED_Interrupt.o
 .debug_line    0x000002f1       0xda HAL/Source/LED_driver_ECU.o
 .debug_line    0x000003cb      0x365 MCAL/Source/GPIO_MCAL.o
 .debug_line    0x00000730      0x211 MCAL/Source/Timer.o

.debug_frame    0x00000000      0x354
 *(.debug_frame)
 .debug_frame   0x00000000       0x24 Application/Application.o
 .debug_frame   0x00000024       0x24 Application/LED_Interrupt.o
 .debug_frame   0x00000048       0x54 HAL/Source/LED_driver_ECU.o
 .debug_frame   0x0000009c       0xc4 MCAL/Source/GPIO_MCAL.o
 .debug_frame   0x00000160      0x1f4 MCAL/Source/Timer.o

.debug_str      0x00000000      0x5d2
 *(.debug_str)
 .debug_str     0x00000000      0x196 C:/Program Files (x86)/Atmel/Studio/7.0/Packs/atmel/ATmega_DFP/1.2.150/gcc/dev/atmega32a/avr5/crtatmega32a.o
 .debug_str     0x00000196      0x1d2 Application/Application.o
                                0x1f9 (size before relaxing)
 .debug_str     0x00000368       0x93 Application/LED_Interrupt.o
                                0x1dd (size before relaxing)
 .debug_str     0x000003fb       0x62 HAL/Source/LED_driver_ECU.o
                                0x204 (size before relaxing)
 .debug_str     0x0000045d       0xc0 MCAL/Source/GPIO_MCAL.o
                                0x271 (size before relaxing)
 .debug_str     0x0000051d       0xb5 MCAL/Source/Timer.o
                                0x26f (size before relaxing)

.debug_loc      0x00000000      0x949
 *(.debug_loc)
 .debug_loc     0x00000000      0x108 HAL/Source/LED_driver_ECU.o
 .debug_loc     0x00000108      0x4d0 MCAL/Source/GPIO_MCAL.o
 .debug_loc     0x000005d8      0x371 MCAL/Source/Timer.o

.debug_macinfo
 *(.debug_macinfo)

.debug_weaknames
 *(.debug_weaknames)

.debug_funcnames
 *(.debug_funcnames)

.debug_typenames
 *(.debug_typenames)

.debug_varnames
 *(.debug_varnames)

.debug_pubtypes
 *(.debug_pubtypes)

.debug_ranges   0x00000000      0x108
 *(.debug_ranges)
 .debug_ranges  0x00000000       0x10 Application/Application.o
 .debug_ranges  0x00000010       0x10 Application/LED_Interrupt.o
 .debug_ranges  0x00000020       0x28 HAL/Source/LED_driver_ECU.o
 .debug_ranges  0x00000048       0x58 MCAL/Source/GPIO_MCAL.o
 .debug_ranges  0x000000a0       0x68 MCAL/Source/Timer.o

.debug_macro
 *(.debug_macro)
OUTPUT(Timer_Task_8.elf elf32-avr)
LOAD linker stubs
